// Jest Snapshot v1, https://goo.gl/fbAQLP

exports[`Testing MyComp container... should render MyComp container 1`] = `
<div>
  testHi
  <Link
    to="/"
  >
    back
  </Link>
</div>
`;
